Microchip MPLAB XC8 Compiler V2.45

Linker command line:

-W-3 \
  --edf=C:\Program Files\Microchip\xc8\v2.45\pic\dat\20230818022343_en.msgs \
  -cn -h+dist/default/debug\Digital_Clock.X.debug.sym \
  --cmf=dist/default/debug\Digital_Clock.X.debug.cmf -z -Q18F4620 \
  -oC:\Users\lenovo\AppData\Local\Temp\xcAs15gc.\driver_tmp_3.o \
  --defsym=__MPLAB_BUILD=1 --fixupoverflow=error \
  -Mdist/default/debug/Digital_Clock.X.debug.map \
  --md=C:\Users\lenovo\AppData\Local\Temp\xcAs15gc.\driver_tmp_0.dat -E1 \
  -ver=XC8 Compiler --acfsm=1493 -ACODE=00h-0FFFFh -ACONST=00h-0FFFFh \
  -ASMALLCONST=01000h-010FFhx240 -AMEDIUMCONST=01000h-0FFFFh \
  -ACOMRAM=01h-07Fh -AABS1=00h-0F7Fh -ABIGRAM=01h-0F7Fh \
  -ARAM=080h-0FFh,0100h-01FFhx14,0F00h-0F7Fh -ABANK0=080h-0FFh \
  -ABANK1=0100h-01FFh -ABANK2=0200h-02FFh -ABANK3=0300h-03FFh \
  -ABANK4=0400h-04FFh -ABANK5=0500h-05FFh -ABANK6=0600h-06FFh \
  -ABANK7=0700h-07FFh -ABANK8=0800h-08FFh -ABANK9=0900h-09FFh \
  -ABANK10=0A00h-0AFFh -ABANK11=0B00h-0BFFh -ABANK12=0C00h-0CFFh \
  -ABANK13=0D00h-0DFFh -ABANK14=0E00h-0EFFh -ABANK15=0F00h-0F7Fh \
  -ASFR=0F80h-0FFFh -ABIGSFR=0F80h-0FFFh -ACONFIG=0300000h-030000Dh \
  -AIDLOC=0200000h-0200007h -AEEDATA=0F00000h-0F003FFh -peeprom_data=EEDATA \
  -preset_vec=00h,intcode=08h,intcodelo,powerup,init -pramtop=01000h \
  -psmallconst=SMALLCONST -pmediumconst=MEDIUMCONST -pconst=CONST \
  -AFARRAM=00h-00h \
  -prdata=COMRAM,nvrram=COMRAM,nvbit=COMRAM,rbss=COMRAM,rbit=COMRAM \
  -pfarbss=FARRAM,fardata=FARRAM,nvFARRAM=FARRAM \
  -pintsave_regs=BIGRAM,bigbss=BIGRAM,bigdata=BIGRAM -pbss=RAM \
  -pidata=CODE,irdata=CODE,ibigdata=CODE,ifardata=CODE -prparam=COMRAM \
  C:\Users\lenovo\AppData\Local\Temp\xcAs15gc.\driver_tmp_9.o \
  dist/default/debug\Digital_Clock.X.debug.o 

Object code version is 3.11

Machine type is 18F4620



                Name                               Link     Load   Length Selector   Space Scale
C:\Users\lenovo\AppData\Local\Temp\xcAs15gc.\driver_tmp_9.o
                config                           300000   300000        E        0       4
                init                                  E        E        4        4       0
                reset_vec                             0        0        4        0       0
dist/default/debug\Digital_Clock.X.debug.o
                intcode                               8        8        6        4       0
                config                           300000   300000        E        0       4
                temp                                 70       70        1        1       1
                smallconst                         1000     1000        2      800       0
                text17                             19EE     19EE       7C      801       0
                text16                             1B48     1B48       40      801       0
                text15                             1A6A     1A6A       5A      801       0
                text14                             1C94     1C94       30      801       0
                text13                             1C64     1C64       30      801       0
                text12                             1C34     1C34       30      801       0
                text11                             13EE     13EE      132      801       0
                text10                             1BFC     1BFC       38      801       0
                intcode_body                       1958     1958       96      801       0
                text8                              1520     1520      126      801       0
                text7                              1256     1256      198      801       0
                text6                              1740     1740       C4      801       0
                text5                              1804     1804       B0      801       0
                text4                              1B06     1B06       42      801       0
                text3                              1002     1002      254      801       0
                text2                              1AC4     1AC4       42      801       0
                text1                              1646     1646       FA      801       0
                text0                              18B4     18B4       A4      801       0
                cstackCOMRAM                         59       59       17        1       1
                dataCOMRAM                            1        1       3A        1       1
                bssCOMRAM                            3B       3B       1E        1       1
                cinit                              1BC2     1BC2       3A      801       0
                idataCOMRAM                        1B88     1B88       3A      801       0

TOTAL           Name                               Link     Load   Length     Space
        CLASS   CODE           
                intcode                               8        8        6         0
                init                                  E        E        4         0
                reset_vec                             0        0        4         0
                text17                             19EE     19EE       7C         0
                text16                             1B48     1B48       40         0
                text15                             1A6A     1A6A       5A         0
                text14                             1C94     1C94       30         0
                text13                             1C64     1C64       30         0
                text12                             1C34     1C34       30         0
                text11                             13EE     13EE      132         0
                text10                             1BFC     1BFC       38         0
                intcode_body                       1958     1958       96         0
                text8                              1520     1520      126         0
                text7                              1256     1256      198         0
                text6                              1740     1740       C4         0
                text5                              1804     1804       B0         0
                text4                              1B06     1B06       42         0
                text3                              1002     1002      254         0
                text2                              1AC4     1AC4       42         0
                text1                              1646     1646       FA         0
                text0                              18B4     18B4       A4         0
                cinit                              1BC2     1BC2       3A         0
                idataCOMRAM                        1B88     1B88       3A         0

        CLASS   CONST          

        CLASS   SMALLCONST     
                smallconst                         1000     1000        2         0

        CLASS   MEDIUMCONST    

        CLASS   COMRAM         
                temp                                 70       70        1         1
                cstackCOMRAM                         59       59       17         1
                dataCOMRAM                            1        1       3A         1
                bssCOMRAM                            3B       3B       1E         1

        CLASS   ABS1           

        CLASS   BIGRAM         

        CLASS   RAM            

        CLASS   BANK0          

        CLASS   BANK1          

        CLASS   BANK2          

        CLASS   BANK3          

        CLASS   BANK4          

        CLASS   BANK5          

        CLASS   BANK6          

        CLASS   BANK7          

        CLASS   BANK8          

        CLASS   BANK9          

        CLASS   BANK10         

        CLASS   BANK11         

        CLASS   BANK12         

        CLASS   BANK13         

        CLASS   BANK14         

        CLASS   BANK15         

        CLASS   SFR            

        CLASS   BIGSFR         

        CLASS   CONFIG         
                config                           300000   300000        E         4

        CLASS   IDLOC          

        CLASS   EEDATA         

        CLASS   FARRAM         

        CLASS   HEAP           

        CLASS   STACK          



SEGMENTS        Name                           Load    Length   Top    Selector   Space  Class

                reset_vec                      000000  000004  000004         0       0  CODE    
                dataCOMRAM                     000001  000070  000071         1       1  COMRAM  
                intcode                        000008  00000A  000012         4       0  CODE    
                smallconst                     001000  000002  001002       800       0  SMALLCON
                text3                          001002  000CC2  001CC4       801       0  CODE    


UNUSED ADDRESS RANGES

        Name                Unused          Largest block    Delta
        BANK0            000080-0000FF               80
        BANK1            000100-0001FF              100
        BANK10           000A00-000AFF              100
        BANK11           000B00-000BFF              100
        BANK12           000C00-000CFF              100
        BANK13           000D00-000DFF              100
        BANK14           000E00-000EFF              100
        BANK15           000F00-000F7F               80
        BANK2            000200-0002FF              100
        BANK3            000300-0003FF              100
        BANK4            000400-0004FF              100
        BANK5            000500-0005FF              100
        BANK6            000600-0006FF              100
        BANK7            000700-0007FF              100
        BANK8            000800-0008FF              100
        BANK9            000900-0009FF              100
        BIGRAM           000071-000F7F              F0F
        BIGSFR           000F80-000FFF               80
        CODE             000004-000007                4
                         000012-000FFF              FEE
                         001CC4-00FFFF             E33C
        COMRAM           000071-00007F                F
        CONST            000004-000007                4
                         000012-000FFF              FEE
                         001CC4-00FFFF             E33C
        EEDATA           F00000-F003FF              400
        IDLOC            200000-200007                8
        MEDIUMCONST      001CC4-00FFFF             E33C
        RAM              000080-000F7F              100
        SFR              000F80-000FFF               80
        SMALLCONST       001CC4-00FFFF              100

                                  Symbol Table

?___awdiv                          cstackCOMRAM 00005D
?___awmod                          cstackCOMRAM 00005D
EXT_Interupt_Init@Interupt_Obj     cstackCOMRAM 000064
_EXT_Interupt_Init                 text7        001256
_IN0_APP_ISR                       text16       001B48
_IN0_Interupt_Handler              bssCOMRAM    000043
_IN1_APP_ISR                       text15       001A6A
_IN1_Interupt_Handler              bssCOMRAM    000041
_IN2_APP_ISR                       text17       0019EE
_IN2_Interupt_Handler              bssCOMRAM    00003F
_INT0                              (abs)        007C08
_INT0_ISR                          text14       001C94
_INT1                              (abs)        007C09
_INT1_ISR                          text13       001C64
_INT2                              (abs)        007C0A
_INT2_ISR                          text12       001C34
_INTCON2bits                       (abs)        000FF1
_INTCON3bits                       (abs)        000FF0
_INTCONbits                        (abs)        000FF2
_InteruptManager                   intcode      000008
_LATA                              (abs)        000F89
_LATB                              (abs)        000F8A
_LATC                              (abs)        000F8B
_LATD                              (abs)        000F8C
_LATE                              (abs)        000F8D
_PORTA                             (abs)        000F80
_PORTB                             (abs)        000F81
_PORTC                             (abs)        000F82
_PORTD                             (abs)        000F83
_PORTE                             (abs)        000F84
_T0CONbits                         (abs)        000FD5
_TMR0H                             (abs)        000FD7
_TMR0L                             (abs)        000FD6
_TMR0_APP_ISR                      text11       0013EE
_TMR0_ISR                          text10       001BFC
_TMR0_Interupt_Handler             bssCOMRAM    00003D
_TRISA                             (abs)        000F92
_TRISB                             (abs)        000F93
_TRISC                             (abs)        000F94
_TRISD                             (abs)        000F95
_TRISE                             (abs)        000F96
__HRAM                             (abs)        000000
__H__absolute__                    __absolute__ 000000
__Habs1                            abs1         000000
__Hbank0                           bank0        000000
__Hbank1                           bank1        000000
__Hbank10                          bank10       000000
__Hbank11                          bank11       000000
__Hbank12                          bank12       000000
__Hbank13                          bank13       000000
__Hbank14                          bank14       000000
__Hbank15                          bank15       000000
__Hbank2                           bank2        000000
__Hbank3                           bank3        000000
__Hbank4                           bank4        000000
__Hbank5                           bank5        000000
__Hbank6                           bank6        000000
__Hbank7                           bank7        000000
__Hbank8                           bank8        000000
__Hbank9                           bank9        000000
__Hbigbss                          bigbss       000000
__Hbigdata                         bigdata      000000
__Hbigram                          bigram       000000
__Hbigsfr                          bigsfr       000000
__Hbss                             bss          000000
__HbssCOMRAM                       bssCOMRAM    000000
__Hcinit                           cinit        000000
__Hclrtext                         clrtext      000000
__Hcomram                          comram       000000
__Hconfig                          config       30000E
__Hconst                           const        000000
__HcstackCOMRAM                    cstackCOMRAM 000000
__Hdata                            data         000000
__HdataCOMRAM                      dataCOMRAM   000000
__Heeprom_data                     eeprom_data  000000
__Hfarbss                          farbss       000000
__Hfardata                         fardata      000000
__Hheap                            heap         000000
__Hibigdata                        ibigdata     000000
__Hidata                           idata        000000
__HidataCOMRAM                     idataCOMRAM  000000
__Hidloc                           idloc        000000
__Hifardata                        ifardata     000000
__Hinit                            init         000012
__Hintcode                         intcode      00000E
__Hintcode_body                    intcode_body 000000
__Hintcodelo                       intcodelo    00000E
__Hintentry                        intentry     000000
__Hintret                          intret       000000
__Hintsave_regs                    intsave_regs 000000
__Hirdata                          irdata       000000
__Hmediumconst                     mediumconst  000000
__HnvFARRAM                        nvFARRAM     000000
__Hnvbit                           nvbit        000000
__Hnvrram                          nvrram       000000
__Hparam                           rparam       000000
__Hpowerup                         powerup      00000E
__Hram                             ram          000000
__Hramtop                          ramtop       001000
__Hrbit                            rbit         000000
__Hrbss                            rbss         000000
__Hrdata                           rdata        000000
__Hreset_vec                       reset_vec    000004
__Hrparam                          rparam       000000
__Hsfr                             sfr          000000
__Hsmallconst                      smallconst   001002
__Hspace_0                         (abs)        001CC4
__Hspace_1                         (abs)        000071
__Hspace_2                         (abs)        000000
__Hspace_4                         (abs)        60000E
__Hstack                           stack        000000
__Hstruct                          struct       000000
__Htemp                            temp         000071
__Htext                            text         000000
__Htext0                           text0        000000
__Htext1                           text1        000000
__Htext10                          text10       000000
__Htext11                          text11       000000
__Htext12                          text12       000000
__Htext13                          text13       000000
__Htext14                          text14       000000
__Htext15                          text15       000000
__Htext16                          text16       000000
__Htext17                          text17       000000
__Htext18                          text18       000000
__Htext2                           text2        000000
__Htext3                           text3        000000
__Htext4                           text4        000000
__Htext5                           text5        000000
__Htext6                           text6        000000
__Htext7                           text7        000000
__Htext8                           text8        000000
__LRAM                             (abs)        000001
__L__absolute__                    __absolute__ 000000
__Labs1                            abs1         000000
__Lbank0                           bank0        000000
__Lbank1                           bank1        000000
__Lbank10                          bank10       000000
__Lbank11                          bank11       000000
__Lbank12                          bank12       000000
__Lbank13                          bank13       000000
__Lbank14                          bank14       000000
__Lbank15                          bank15       000000
__Lbank2                           bank2        000000
__Lbank3                           bank3        000000
__Lbank4                           bank4        000000
__Lbank5                           bank5        000000
__Lbank6                           bank6        000000
__Lbank7                           bank7        000000
__Lbank8                           bank8        000000
__Lbank9                           bank9        000000
__Lbigbss                          bigbss       000000
__Lbigdata                         bigdata      000000
__Lbigram                          bigram       000000
__Lbigsfr                          bigsfr       000000
__Lbss                             bss          000000
__LbssCOMRAM                       bssCOMRAM    000000
__Lcinit                           cinit        000000
__Lclrtext                         clrtext      000000
__Lcomram                          comram       000000
__Lconfig                          config       000000
__Lconst                           const        000000
__LcstackCOMRAM                    cstackCOMRAM 000000
__Ldata                            data         000000
__LdataCOMRAM                      dataCOMRAM   000000
__Leeprom_data                     eeprom_data  000000
__Lfarbss                          farbss       000000
__Lfardata                         fardata      000000
__Lheap                            heap         000000
__Libigdata                        ibigdata     000000
__Lidata                           idata        000000
__LidataCOMRAM                     idataCOMRAM  000000
__Lidloc                           idloc        000000
__Lifardata                        ifardata     000000
__Linit                            init         00000E
__Lintcode                         intcode      000008
__Lintcode_body                    intcode_body 000000
__Lintcodelo                       intcodelo    00000E
__Lintentry                        intentry     000000
__Lintret                          intret       000000
__Lintsave_regs                    intsave_regs 000000
__Lirdata                          irdata       000000
__Lmediumconst                     mediumconst  000000
__LnvFARRAM                        nvFARRAM     000000
__Lnvbit                           nvbit        000000
__Lnvrram                          nvrram       000000
__Lparam                           rparam       000000
__Lpowerup                         powerup      00000E
__Lram                             ram          000000
__Lramtop                          ramtop       001000
__Lrbit                            rbit         000000
__Lrbss                            rbss         000000
__Lrdata                           rdata        000000
__Lreset_vec                       reset_vec    000000
__Lrparam                          rparam       000000
__Lsfr                             sfr          000000
__Lsmallconst                      smallconst   001000
__Lspace_0                         (abs)        000000
__Lspace_1                         (abs)        000000
__Lspace_2                         (abs)        000000
__Lspace_4                         (abs)        000000
__Lstack                           stack        000000
__Lstruct                          struct       000000
__Ltemp                            temp         000070
__Ltext                            text         000000
__Ltext0                           text0        000000
__Ltext1                           text1        000000
__Ltext10                          text10       000000
__Ltext11                          text11       000000
__Ltext12                          text12       000000
__Ltext13                          text13       000000
__Ltext14                          text14       000000
__Ltext15                          text15       000000
__Ltext16                          text16       000000
__Ltext17                          text17       000000
__Ltext18                          text18       000000
__Ltext2                           text2        000000
__Ltext3                           text3        000000
__Ltext4                           text4        000000
__Ltext5                           text5        000000
__Ltext6                           text6        000000
__Ltext7                           text7        000000
__Ltext8                           text8        000000
__S0                               (abs)        001CC4
__S1                               (abs)        000071
__S4                               (abs)        000000
__S5                               (abs)        000000
___awdiv                           text6        001740
___awdiv@counter                   cstackCOMRAM 000061
___awdiv@dividend                  cstackCOMRAM 00005D
___awdiv@divisor                   cstackCOMRAM 00005F
___awdiv@quotient                  cstackCOMRAM 000063
___awdiv@sign                      cstackCOMRAM 000062
___awmod                           text5        001804
___awmod@counter                   cstackCOMRAM 000061
___awmod@dividend                  cstackCOMRAM 00005D
___awmod@divisor                   cstackCOMRAM 00005F
___awmod@sign                      cstackCOMRAM 000062
___heap_hi                         (abs)        000000
___heap_lo                         (abs)        000000
___inthi_sp                        stack        000000
___inthi_stack_hi                  stack        000000
___inthi_stack_lo                  stack        000000
___intlo_sp                        stack        000000
___intlo_stack_hi                  stack        000000
___intlo_stack_lo                  stack        000000
___param_bank                      (abs)        000000
___rparam_used                     (abs)        000001
___sp                              stack        000000
___stack_hi                        stack        000000
___stack_lo                        stack        000000
__accesstop                        (abs)        000080
__activetblptr                     (abs)        000002
__end_of_EXT_Interupt_Init         text7        0013EE
__end_of_IN0_APP_ISR               text16       001B88
__end_of_IN1_APP_ISR               text15       001AC4
__end_of_IN2_APP_ISR               text17       001A6A
__end_of_INT0_ISR                  text14       001CC4
__end_of_INT1_ISR                  text13       001C94
__end_of_INT2_ISR                  text12       001C64
__end_of_InteruptManager           intcode_body 0019EE
__end_of_TMR0_APP_ISR              text11       001520
__end_of_TMR0_ISR                  text10       001C34
__end_of___awdiv                   text6        001804
__end_of___awmod                   text5        0018B4
__end_of__initialization           cinit        001BEE
__end_of_diplay_time               text3        001256
__end_of_gpio_pin_direction_inti   text8        001646
__end_of_gpio_port_direction_inti  text2        001B06
__end_of_gpio_port_write_logic     text4        001B48
__end_of_main                      text0        001958
__end_of_timer0_inti               text1        001740
__initialization                   cinit        001BC2
__mediumconst                      mediumconst  000000
__pbssCOMRAM                       bssCOMRAM    00003B
__pcinit                           cinit        001BC2
__pcstackCOMRAM                    cstackCOMRAM 000059
__pdataCOMRAM                      dataCOMRAM   000001
__pidataCOMRAM                     idataCOMRAM  001B88
__pintcode                         intcode      000008
__pintcode_body                    intcode_body 001958
__psmallconst                      smallconst   001000
__ptext0                           text0        0018B4
__ptext1                           text1        001646
__ptext10                          text10       001BFC
__ptext11                          text11       0013EE
__ptext12                          text12       001C34
__ptext13                          text13       001C64
__ptext14                          text14       001C94
__ptext15                          text15       001A6A
__ptext16                          text16       001B48
__ptext17                          text17       0019EE
__ptext18                          text18       000000
__ptext2                           text2        001AC4
__ptext3                           text3        001002
__ptext4                           text4        001B06
__ptext5                           text5        001804
__ptext6                           text6        001740
__ptext7                           text7        001256
__ptext8                           text8        001520
__ramtop                           ramtop       001000
__smallconst                       smallconst   001000
_delay_flag                        bssCOMRAM    000045
_diplay_time                       text3        001002
_gpio_pin_direction_inti           text8        001520
_gpio_port_direction_inti          text2        001AC4
_gpio_port_write_logic             text4        001B06
_hours                             dataCOMRAM   000022
_lat_register                      dataCOMRAM   00000B
_main                              text0        0018B4
_milli_seconds                     bssCOMRAM    00004A
_mins                              dataCOMRAM   000021
_mode                              dataCOMRAM   000024
_mode_button                       dataCOMRAM   000036
_pause                             dataCOMRAM   000023
_pause_button                      dataCOMRAM   000031
_port_register                     dataCOMRAM   000001
_preload                           bssCOMRAM    00003B
_reset_button                      dataCOMRAM   00002C
_ret                               dataCOMRAM   000025
_secs                              dataCOMRAM   000020
_set_millis                        bssCOMRAM    000046
_set_mode                          dataCOMRAM   00001F
_stop_milli_seconds                bssCOMRAM    000049
_stop_minutes                      bssCOMRAM    000047
_stop_seconds                      bssCOMRAM    000048
_timer                             dataCOMRAM   000026
_timer0_inti                       text1        001646
_tris_register                     dataCOMRAM   000015
btemp                              temp         000070
diplay_time@hours                  cstackCOMRAM 00006D
diplay_time@mins                   cstackCOMRAM 00006A
diplay_time@secs                   cstackCOMRAM 00006B
end_of_initialization              cinit        001BEE
gpio_pin_direction_inti@pin_config cstackCOMRAM 00005D
gpio_pin_direction_inti@ret        cstackCOMRAM 000063
gpio_port_direction_inti@direction cstackCOMRAM 00005D
gpio_port_direction_inti@port      cstackCOMRAM 000061
gpio_port_direction_inti@ret       cstackCOMRAM 000060
gpio_port_write_logic@logic        cstackCOMRAM 000065
gpio_port_write_logic@port         cstackCOMRAM 000069
gpio_port_write_logic@ret          cstackCOMRAM 000068
int$flags                          temp         000070
int_func                           intcode_body 001958
intlevel0                          text         000000
intlevel1                          text         000000
intlevel2                          text         000000
intlevel3                          text         000000
isa$std                            (abs)        000001
isa$xinst                          (abs)        000000
led_inti@F2890                     bssCOMRAM    000058
led_toggle@F2905                   bssCOMRAM    000055
led_turn_off@F2900                 bssCOMRAM    000056
led_turn_on@F2895                  bssCOMRAM    000057
motor_backward@F2904               bssCOMRAM    000050
motor_backward@F2906               bssCOMRAM    00004F
motor_forward@F2897                bssCOMRAM    000052
motor_forward@F2899                bssCOMRAM    000051
motor_inti@F2890                   bssCOMRAM    000054
motor_inti@F2892                   bssCOMRAM    000053
motor_stop@F2911                   bssCOMRAM    00004E
motor_stop@F2913                   bssCOMRAM    00004D
relay_inti@F2887                   bssCOMRAM    00004C
relay_write@F2893                  bssCOMRAM    00004B
stackhi                            (abs)        000000
stacklo                            (abs)        000000
start                              init         00000E
start_initialization               cinit        001BC2
timer0_inti@timer0                 cstackCOMRAM 00005D
ttemp5                             temp         000071
ttemp6                             temp         000074
ttemp7                             temp         000078
wtemp8                             temp         000071


MODULE INFORMATION

Module		Function		Class		Link	Load	Size
MCAL_Layer/Interupt/hal_ext_interupt.c
		_EXT_Interupt_Init		CODE           	1256	0000	408
		_INT0_ISR      		CODE           	1C94	0000	48
		_INT1_ISR      		CODE           	1C64	0000	48
		_INT2_ISR      		CODE           	1C34	0000	48

MCAL_Layer/Interupt/hal_ext_interupt.c estimated size: 552

C:\Program Files\Microchip\xc8\v2.45\pic\sources\c99\common\awmod.c
		___awmod       		CODE           	1804	0000	176

C:\Program Files\Microchip\xc8\v2.45\pic\sources\c99\common\awmod.c estimated size: 176

shared
		__initialization		CODE           	1BC2	0000	44

shared estimated size: 44

app.c
		_TMR0_APP_ISR  		CODE           	13EE	0000	306
		_diplay_time   		CODE           	1002	0000	596
		_main          		CODE           	18B4	0000	164
		_IN0_APP_ISR   		CODE           	1B48	0000	64
		_IN1_APP_ISR   		CODE           	1A6A	0000	90
		_IN2_APP_ISR   		CODE           	19EE	0000	124

app.c estimated size: 1344

MCAL_Layer/GPIO/hal_gpio.c
		_gpio_port_direction_inti		CODE           	1AC4	0000	66
		_gpio_pin_direction_inti		CODE           	1520	0000	294
		_gpio_port_write_logic		CODE           	1B06	0000	66

MCAL_Layer/GPIO/hal_gpio.c estimated size: 426

MCAL_Layer/Interupt/hal_interupt_manger.c
		_InteruptManager		CODE           	0008	0000	156

MCAL_Layer/Interupt/hal_interupt_manger.c estimated size: 156

C:\Program Files\Microchip\xc8\v2.45\pic\sources\c99\common\awdiv.c
		___awdiv       		CODE           	1740	0000	196

C:\Program Files\Microchip\xc8\v2.45\pic\sources\c99\common\awdiv.c estimated size: 196

MCAL_Layer/Timer0/hal_timer0.c
		_timer0_inti   		CODE           	1646	0000	250
		_TMR0_ISR      		CODE           	1BFC	0000	56

MCAL_Layer/Timer0/hal_timer0.c estimated size: 306

